// Jest Snapshot v1, https://goo.gl/fbAQLP

exports[`<TransferForm /> should match snapshot 1`] = `ReactWrapper {}`;
