// Jest Snapshot v1, https://goo.gl/fbAQLP

exports[`<Transactions /> should match snapshot 1`] = `ReactWrapper {}`;

exports[`<Transactions /> should match snapshot with data 1`] = `ReactWrapper {}`;
